joinin@joinin-H110M-H:~$ cd project
joinin@joinin-H110M-H:~/project$ cd projeto
joinin@joinin-H110M-H:~/project/projeto$ ls
ex001  ex003  ex005  ex007  ex009  Img       ResumoAula.md
ex002  ex004  ex006  ex008  ex010  linux.md
joinin@joinin-H110M-H:~/project/projeto$ git status
On branch main
nothing to commit, working tree clean
joinin@joinin-H110M-H:~/project/projeto$ cd ..
joinin@joinin-H110M-H:~/project$ ls
projeto
joinin@joinin-H110M-H:~/project$ 
joinin@joinin-H110M-H:~/project$ git status
On branch main
nothing to commit, working tree clean
joinin@joinin-H110M-H:~/project$ git push -u origin main
Username for 'https://github.com': soares
Password for 'https://soares@github.com': 
Enumerating objects: 35, done.
Counting objects: 100% (35/35), done.
Delta compression using up to 4 threads
Compressing objects: 100% (23/23), done.
Writing objects: 100% (35/35), 3.16 MiB | 1.15 MiB/s, done.
Total 35 (delta 2), reused 0 (delta 0)
remote: Resolving deltas: 100% (2/2), done.
To https://github.com/SoaresVini/CursoEmVideo-Html5Css3.git
 * [new branch]      main -> main
Branch 'main' set up to track remote branch 'main' from 'origin'.
joinin@joinin-H110M-H:~/project$ git status
On branch main
Your branch is up to date with 'origin/main'.

nothing to commit, working tree clean
joinin@joinin-H110M-H:~/project$ touch teste.txt
joinin@joinin-H110M-H:~/project$ git add teste.txt 
joinin@joinin-H110M-H:~/project$ git commit -m "segundo teste"
[main 2fbbd23] segundo teste
 1 file changed, 0 insertions(+), 0 deletions(-)
 create mode 100644 teste.txt
joinin@joinin-H110M-H:~/project$ git íhs
git: 'íhs' is not a git command. See 'git --help'.

The most similar command is
	push
joinin@joinin-H110M-H:~/project$ 
joinin@joinin-H110M-H:~/project$ git push -u origin main
Username for 'https://github.com': soares
Password for 'https://soares@github.com': 
Enumerating objects: 3, done.
Counting objects: 100% (3/3), done.
Delta compression using up to 4 threads
Compressing objects: 100% (2/2), done.
Writing objects: 100% (2/2), 271 bytes | 271.00 KiB/s, done.
Total 2 (delta 0), reused 0 (delta 0)
To https://github.com/SoaresVini/CursoEmVideo-Html5Css3.git
   cb7ab78..2fbbd23  main -> main
Branch 'main' set up to track remote branch 'main' from 'origin'.
joinin@joinin-H110M-H:~/project$ git config --global credential.helper store
joinin@joinin-H110M-H:~/project$ git push -u origin main
Username for 'https://github.com': soares
Password for 'https://soares@github.com': 
Branch 'main' set up to track remote branch 'main' from 'origin'.
Everything up-to-date
joinin@joinin-H110M-H:~/project$ git push -u origin main
Branch 'main' set up to track remote branch 'main' from 'origin'.
Everything up-to-date
joinin@joinin-H110M-H:~/project$ git push
]remote: Invalid username or password.
fatal: Authentication failed for 'https://github.com/SoaresVini/CursoEmVideo-Html5Css3.git/'
joinin@joinin-H110M-H:~/project$ çs
çs: command not found
joinin@joinin-H110M-H:~/project$ ls
projeto  teste.txt
joinin@joinin-H110M-H:~/project$ cd ..
joinin@joinin-H110M-H:~$ ls
Desktop  Documents  Downloads  Music  Pictures  project  Public  snap  Templates  Videos
joinin@joinin-H110M-H:~$ rm -rf project/
joinin@joinin-H110M-H:~$ midkir project
midkir: command not found
joinin@joinin-H110M-H:~$ mikdir project

Command 'mikdir' not found, did you mean:

  command 'mkdir' from deb coreutils (8.30-3ubuntu2)
  command 'mmkdir' from deb mblaze (0.6-1)

Try: sudo apt install <deb name>

joinin@joinin-H110M-H:~$ mkdir project
joinin@joinin-H110M-H:~$ cd project/
joinin@joinin-H110M-H:~/project$ git clone https://github.com/SoaresVini/CursoEmVideo-Html5Css3.git
Cloning into 'CursoEmVideo-Html5Css3'...
remote: Enumerating objects: 37, done.
remote: Counting objects: 100% (37/37), done.
remote: Compressing objects: 100% (23/23), done.
remote: Total 37 (delta 2), reused 37 (delta 2), pack-reused 0
Unpacking objects: 100% (37/37), 3.16 MiB | 3.96 MiB/s, done.
joinin@joinin-H110M-H:~/project$ ls
CursoEmVideo-Html5Css3
joinin@joinin-H110M-H:~/project$ cd CursoEmVideo-Html5Css3/
joinin@joinin-H110M-H:~/project/CursoEmVideo-Html5Css3$ ls
projeto  teste.txt
joinin@joinin-H110M-H:~/project/CursoEmVideo-Html5Css3$ git push
Username for 'https://github.com': soares
Password for 'https://soares@github.com': 
Everything up-to-date
joinin@joinin-H110M-H:~/project/CursoEmVideo-Html5Css3$ git push
Everything up-to-date
joinin@joinin-H110M-H:~/project/CursoEmVideo-Html5Css3$ 
